--------------------------------------------------------------------------------------------------------------------------------
      name:  zpoly
       log:  /Users/ethanballou/Documents/GitHub/LifetimeEarningsRisk/OtherOutput/ThirdDraft/4_zpoly_growth.log
  log type:  text
 opened on:  10 Aug 2026, 15:11:29

. 
. 
. 
. reg G_fearn z z2 z3 z4 z5

      Source |       SS           df       MS      Number of obs   = 1,085,824
-------------+----------------------------------   F(5, 1085818)   =    296.29
       Model |  887.974521         5  177.594904   Prob > F        =    0.0000
    Residual |  650841.446 1,085,818  .599401967   R-squared       =    0.0014
-------------+----------------------------------   Adj R-squared   =    0.0014
       Total |   651729.42 1,085,823  .600216997   Root MSE        =    .77421

------------------------------------------------------------------------------
     G_fearn | Coefficient  Std. err.      t    P>|t|     [95% conf. interval]
-------------+----------------------------------------------------------------
           z |   .0083419   .0021948     3.80   0.000     .0040401    .0126437
          z2 |  -.0002046   .0003804    -0.54   0.591    -.0009501    .0005409
          z3 |  -.0000151   .0000268    -0.56   0.573    -.0000677    .0000374
          z4 |   1.03e-06   8.12e-07     1.27   0.206    -5.64e-07    2.62e-06
          z5 |  -1.93e-08   8.77e-09    -2.20   0.028    -3.65e-08   -2.14e-09
       _cons |   .0115471    .003831     3.01   0.003     .0040385    .0190557
------------------------------------------------------------------------------

. 
. reg G_fhwage z z2 z3 z4 z5

      Source |       SS           df       MS      Number of obs   = 1,114,403
-------------+----------------------------------   F(5, 1114397)   =   1124.54
       Model |  2000.09349         5  400.018697   Prob > F        =    0.0000
    Residual |  396411.529 1,114,397   .35571841   R-squared       =    0.0050
-------------+----------------------------------   Adj R-squared   =    0.0050
       Total |  398411.623 1,114,402  .357511583   Root MSE        =    .59642

------------------------------------------------------------------------------
    G_fhwage | Coefficient  Std. err.      t    P>|t|     [95% conf. interval]
-------------+----------------------------------------------------------------
           z |   .0158828   .0016635     9.55   0.000     .0126224    .0191432
          z2 |  -.0012868   .0002869    -4.48   0.000    -.0018492   -.0007244
          z3 |   .0000661   .0000201     3.28   0.001     .0000266    .0001055
          z4 |  -1.37e-06   6.07e-07    -2.26   0.024    -2.56e-06   -1.83e-07
          z5 |   7.63e-09   6.53e-09     1.17   0.243    -5.17e-09    2.04e-08
       _cons |   .0012976   .0029174     0.44   0.656    -.0044204    .0070157
------------------------------------------------------------------------------

. 
. 
. reg G_fearn i.z

      Source |       SS           df       MS      Number of obs   = 1,085,824
-------------+----------------------------------   F(40, 1085783)  =     37.51
       Model |   899.27756        40   22.481939   Prob > F        =    0.0000
    Residual |  650830.142 1,085,783  .599410879   R-squared       =    0.0014
-------------+----------------------------------   Adj R-squared   =    0.0013
       Total |   651729.42 1,085,823  .600216997   Root MSE        =    .77422

------------------------------------------------------------------------------
     G_fearn | Coefficient  Std. err.      t    P>|t|     [95% conf. interval]
-------------+----------------------------------------------------------------
           z |
          2  |   .0123727   .0036536     3.39   0.001     .0052118    .0195336
          3  |   .0164712   .0041467     3.97   0.000     .0083439    .0245986
          4  |   .0233195   .0037881     6.16   0.000     .0158949    .0307441
          5  |   .0294184   .0043327     6.79   0.000     .0209265    .0379103
          6  |   .0354544     .00394     9.00   0.000     .0277321    .0431767
          7  |   .0361968   .0045408     7.97   0.000      .027297    .0450966
          8  |    .044304   .0041209    10.75   0.000     .0362271    .0523809
          9  |   .0428629   .0047818     8.96   0.000     .0334908     .052235
         10  |   .0501061    .004339    11.55   0.000     .0416018    .0586104
         11  |   .0567365   .0050503    11.23   0.000     .0468381     .066635
         12  |     .05375   .0045961    11.69   0.000     .0447417    .0627582
         13  |   .0652529   .0053363    12.23   0.000     .0547938    .0757119
         14  |   .0568688    .004877    11.66   0.000     .0473101    .0664275
         15  |   .0647356   .0056985    11.36   0.000     .0535668    .0759044
         16  |   .0565973   .0052452    10.79   0.000      .046317    .0668777
         17  |    .058855    .006123     9.61   0.000     .0468541    .0708558
         18  |   .0604421   .0056994    10.60   0.000     .0492714    .0716128
         19  |   .0570135    .006611     8.62   0.000     .0440561    .0699709
         20  |   .0650899   .0062536    10.41   0.000     .0528332    .0773467
         21  |   .0582892   .0071893     8.11   0.000     .0441985    .0723799
         22  |   .0557962   .0069398     8.04   0.000     .0421944    .0693981
         23  |   .0524312   .0078376     6.69   0.000     .0370698    .0677926
         24  |   .0603557     .00776     7.78   0.000     .0451463    .0755651
         25  |   .0539186   .0086494     6.23   0.000     .0369661    .0708712
         26  |   .0534946   .0087846     6.09   0.000     .0362771    .0707122
         27  |    .048796   .0093141     5.24   0.000     .0305407    .0670513
         28  |   .0291591   .0097912     2.98   0.003     .0099686    .0483496
         29  |    .027978   .0104564     2.68   0.007     .0074838    .0484722
         30  |   .0090955   .0110199     0.83   0.409    -.0125032    .0306941
         31  |  -.0086645   .0118668    -0.73   0.465     -.031923     .014594
         32  |  -.0083855   .0126236    -0.66   0.507    -.0331274    .0163564
         33  |  -.0385517   .0138181    -2.79   0.005    -.0656347   -.0114687
         34  |  -.0538489   .0148508    -3.63   0.000    -.0829559   -.0247418
         35  |  -.0908435   .0165519    -5.49   0.000    -.1232846   -.0584024
         36  |  -.0955177   .0181044    -5.28   0.000    -.1310017   -.0600336
         37  |  -.1699561   .0204086    -8.33   0.000    -.2099562   -.1299559
         38  |  -.1967386   .0227798    -8.64   0.000    -.2413863   -.1520909
         39  |  -.2454526   .0262943    -9.33   0.000    -.2969886   -.1939166
         40  |  -.3068275   .0300426   -10.21   0.000    -.3657099    -.247945
         41  |  -.4042638    .034912   -11.58   0.000    -.4726901   -.3358376
             |
       _cons |   .0174226   .0028131     6.19   0.000      .011909    .0229363
------------------------------------------------------------------------------

. 
. reg G_fhwage i.z

      Source |       SS           df       MS      Number of obs   = 1,114,403
-------------+----------------------------------   F(40, 1114362)  =    141.86
       Model |   2018.4851        40  50.4621275   Prob > F        =    0.0000
    Residual |  396393.138 1,114,362  .355713078   R-squared       =    0.0051
-------------+----------------------------------   Adj R-squared   =    0.0050
       Total |  398411.623 1,114,402  .357511583   Root MSE        =    .59642

------------------------------------------------------------------------------
    G_fhwage | Coefficient  Std. err.      t    P>|t|     [95% conf. interval]
-------------+----------------------------------------------------------------
           z |
          2  |   .0142179   .0027948     5.09   0.000     .0087401    .0196956
          3  |   .0196664   .0031704     6.20   0.000     .0134526    .0258803
          4  |   .0354529   .0028962    12.24   0.000     .0297765    .0411293
          5  |   .0382481   .0033101    11.55   0.000     .0317603    .0447358
          6  |   .0507741   .0030107    16.86   0.000     .0448732     .056675
          7  |   .0467581   .0034669    13.49   0.000     .0399631    .0535531
          8  |   .0632861   .0031478    20.10   0.000     .0571165    .0694557
          9  |   .0564021   .0036479    15.46   0.000     .0492523    .0635519
         10  |   .0714172   .0033111    21.57   0.000     .0649274    .0779069
         11  |   .0701303   .0038485    18.22   0.000     .0625874    .0776732
         12  |   .0808333   .0035032    23.07   0.000     .0739671    .0876995
         13  |   .0843556   .0040612    20.77   0.000     .0763958    .0923153
         14  |   .0910728   .0037117    24.54   0.000     .0837979    .0983477
         15  |    .091562   .0043313    21.14   0.000     .0830728    .1000511
         16  |   .1024143   .0039856    25.70   0.000     .0946028    .1102259
         17  |   .0980679   .0046467    21.11   0.000     .0889606    .1071752
         18  |   .1137778   .0043236    26.32   0.000     .1053037    .1222519
         19  |   .1064404   .0050112    21.24   0.000     .0966186    .1162622
         20  |   .1307491   .0047369    27.60   0.000      .121465    .1400332
         21  |   .1235584   .0054383    22.72   0.000     .1128994    .1342174
         22  |   .1371263   .0052469    26.13   0.000     .1268425      .14741
         23  |   .1314939   .0059202    22.21   0.000     .1198905    .1430972
         24  |   .1489396   .0058455    25.48   0.000     .1374827    .1603965
         25  |   .1488824   .0065114    22.86   0.000     .1361203    .1616444
         26  |    .155869   .0066003    23.62   0.000     .1429327    .1688054
         27  |   .1543368   .0069801    22.11   0.000     .1406561    .1680176
         28  |   .1577549   .0073278    21.53   0.000     .1433927    .1721171
         29  |   .1594018   .0078095    20.41   0.000     .1440955     .174708
         30  |   .1593923   .0082247    19.38   0.000     .1432721    .1755125
         31  |   .1529374   .0088355    17.31   0.000     .1356201    .1702547
         32  |    .168374   .0093754    17.96   0.000     .1499985    .1867495
         33  |   .1486907   .0101991    14.58   0.000     .1287008    .1686806
         34  |   .1564568   .0109159    14.33   0.000     .1350619    .1778516
         35  |   .1290953   .0120443    10.72   0.000      .105489    .1527016
         36  |   .1343497     .01314    10.22   0.000     .1085957    .1601036
         37  |   .1068092   .0146923     7.27   0.000     .0780128    .1356056
         38  |   .1034347   .0163745     6.32   0.000     .0713413    .1355282
         39  |   .0673163   .0187529     3.59   0.000     .0305613    .1040713
         40  |   .0614019   .0212619     2.89   0.004     .0197292    .1030746
         41  |   .0281406   .0247526     1.14   0.256    -.0203736    .0766547
             |
       _cons |   .0153968   .0021523     7.15   0.000     .0111783    .0196153
------------------------------------------------------------------------------

. 
. reg G_fearn c.z##i.(race educwrths postgrad censdiv year currentage)
note: 2019.year#c.z omitted because of collinearity.
note: 68.currentage#c.z omitted because of collinearity.

      Source |       SS           df       MS      Number of obs   = 1,085,824
-------------+----------------------------------   F(201, 1085622) =    468.72
       Model |    52042.29       201  258.916866   Prob > F        =    0.0000
    Residual |   599687.13 1,085,622  .552390362   R-squared       =    0.0799
-------------+----------------------------------   Adj R-squared   =    0.0797
       Total |   651729.42 1,085,823  .600216997   Root MSE        =    .74323

---------------------------------------------------------------------------------------------------------
                                G_fearn | Coefficient  Std. err.      t    P>|t|     [95% conf. interval]
----------------------------------------+----------------------------------------------------------------
                                      z |  -.0015672   .0013276    -1.18   0.238    -.0041693    .0010349
                                        |
                                   race |
                                 Black  |   .0014279   .0030062     0.47   0.635    -.0044642    .0073199
                       Native American  |   -.000387   .0078663    -0.05   0.961    -.0158047    .0150306
             Asian or Pacific Islander  |   .0131939   .0147777     0.89   0.372    -.0157699    .0421576
                                Latino  |  -.0016732   .0059111    -0.28   0.777    -.0132586    .0099123
                      Other or Unknown  |  -.0602391    .015523    -3.88   0.000    -.0906636   -.0298145
                                        |
                              educwrths |
        HS grad only (max ed = 12 yrs)  |   .0317379   .0041189     7.71   0.000     .0236651    .0398108
     Some college (max ed = 13-15 yrs)  |   .0523358   .0043682    11.98   0.000     .0437743    .0608974
College grad (max ed = 16 yrs or more)  |   .0990877   .0047961    20.66   0.000     .0896875    .1084879
                                        |
                             1.postgrad |   .0036555    .004148     0.88   0.378    -.0044745    .0117854
                                        |
                                censdiv |
                           New England  |  -.1484612   .0160203    -9.27   0.000    -.1798604   -.1170619
                       Middle Atlantic  |  -.1322974   .0153672    -8.61   0.000    -.1624165   -.1021783
                    East North Central  |  -.1358945   .0152966    -8.88   0.000    -.1658754   -.1059137
                    West North Central  |  -.1179529   .0154738    -7.62   0.000     -.148281   -.0876248
                        South Atlantic  |  -.1555538   .0152598   -10.19   0.000    -.1854625   -.1256452
                    East South Central  |  -.1740257   .0155809   -11.17   0.000    -.2045637   -.1434877
                    West South Central  |  -.1618148   .0154475   -10.48   0.000    -.1920914   -.1315382
                              Mountain  |  -.1728671   .0159718   -10.82   0.000    -.2041714   -.1415629
                               Pacific  |  -.1624227   .0153419   -10.59   0.000    -.1924924   -.1323531
                                        |
                                   year |
                                  1971  |  -.0496604   .0096993    -5.12   0.000    -.0686707   -.0306502
                                  1972  |  -.1036278   .0099766   -10.39   0.000    -.1231817   -.0840739
                                  1973  |  -.0531464   .0094119    -5.65   0.000    -.0715933   -.0346995
                                  1974  |  -.0240628    .009315    -2.58   0.010    -.0423198   -.0058058
                                  1975  |  -.0930657    .009278   -10.03   0.000    -.1112503   -.0748811
                                  1976  |  -.1389716   .0092118   -15.09   0.000    -.1570264   -.1209169
                                  1977  |  -.1980596   .0091647   -21.61   0.000    -.2160221   -.1800971
                                  1978  |  -.1811087   .0091227   -19.85   0.000     -.198989   -.1632285
                                  1979  |  -.1334172   .0091103   -14.64   0.000    -.1512731   -.1155613
                                  1980  |  -.0929075   .0092661   -10.03   0.000    -.1110687   -.0747463
                                  1981  |  -.0123444   .0091303    -1.35   0.176    -.0302396    .0055507
                                  1982  |  -.0234779   .0095926    -2.45   0.014    -.0422791   -.0046768
                                  1983  |  -.0913846   .0090261   -10.12   0.000    -.1090754   -.0736939
                                  1984  |  -.0837383   .0090425    -9.26   0.000    -.1014613   -.0660153
                                  1985  |  -.1043734   .0090448   -11.54   0.000    -.1221009   -.0866458
                                  1986  |  -.1348976   .0090916   -14.84   0.000    -.1527167   -.1170784
                                  1987  |  -.1624392    .009154   -17.75   0.000    -.1803807   -.1444977
                                  1988  |   -.157975   .0092477   -17.08   0.000    -.1761001   -.1398498
                                  1989  |     -.1479   .0093926   -15.75   0.000    -.1663091   -.1294908
                                  1990  |  -.1219877    .009578   -12.74   0.000    -.1407602   -.1032152
                                  1991  |  -.1294381   .0098684   -13.12   0.000    -.1487797   -.1100964
                                  1992  |   -.078853    .010168    -7.76   0.000     -.098782    -.058924
                                  1993  |   -.083977    .010532    -7.97   0.000    -.1046193   -.0633347
                                  1994  |  -.0430259   .0109919    -3.91   0.000    -.0645697   -.0214821
                                  1995  |  -.0298905   .0117413    -2.55   0.011    -.0529032   -.0068779
                                  1997  |  -.1285719   .0117267   -10.96   0.000    -.1515558    -.105588
                                  1999  |  -.1682679   .0117928   -14.27   0.000    -.1913813   -.1451545
                                  2001  |  -.1330366   .0120436   -11.05   0.000    -.1566416   -.1094317
                                  2003  |  -.2077485   .0122668   -16.94   0.000     -.231791   -.1837059
                                  2005  |  -.2536013   .0127874   -19.83   0.000    -.2786642   -.2285384
                                  2007  |  -.2990133   .0135852   -22.01   0.000    -.3256399   -.2723866
                                  2009  |  -.1805376   .0147539   -12.24   0.000    -.2094547   -.1516205
                                  2011  |  -.1389614   .0161785    -8.59   0.000    -.1706707   -.1072522
                                  2013  |  -.1170864   .0177615    -6.59   0.000    -.1518983   -.0822746
                                  2015  |  -.1686858   .0218106    -7.73   0.000    -.2114339   -.1259378
                                  2017  |  -.2706915   .0332811    -8.13   0.000    -.3359214   -.2054616
                                  2019  |  -.1321493   .0165412    -7.99   0.000    -.1645694   -.0997292
                                        |
                             currentage |
                                    23  |  -.0191704   .0088162    -2.17   0.030    -.0364499    -.001891
                                    24  |  -.0270428   .0085666    -3.16   0.002     -.043833   -.0102526
                                    25  |  -.0630814   .0084688    -7.45   0.000      -.07968   -.0464828
                                    26  |  -.0760962   .0084206    -9.04   0.000    -.0926003   -.0595922
                                    27  |  -.0749019   .0084193    -8.90   0.000    -.0914034   -.0584003
                                    28  |  -.0634566   .0084286    -7.53   0.000    -.0799763   -.0469369
                                    29  |   -.077227   .0084924    -9.09   0.000    -.0938719   -.0605821
                                    30  |  -.0847204   .0085221    -9.94   0.000    -.1014234   -.0680174
                                    31  |  -.0983199   .0086004   -11.43   0.000    -.1151764   -.0814633
                                    32  |  -.1026757   .0087048   -11.80   0.000    -.1197367   -.0856146
                                    33  |  -.1058292   .0088005   -12.03   0.000     -.123078   -.0885805
                                    34  |  -.1029867   .0089231   -11.54   0.000    -.1204757   -.0854978
                                    35  |  -.1065774   .0090709   -11.75   0.000     -.124356   -.0887987
                                    36  |  -.0975432   .0091988   -10.60   0.000    -.1155725   -.0795138
                                    37  |  -.1000621   .0093748   -10.67   0.000    -.1184364   -.0816879
                                    38  |  -.0951301   .0095455    -9.97   0.000     -.113839   -.0764212
                                    39  |  -.0928117   .0097091    -9.56   0.000    -.1118412   -.0737821
                                    40  |  -.0941864   .0098833    -9.53   0.000    -.1135573   -.0748155
                                    41  |  -.0784297   .0101203    -7.75   0.000    -.0982652   -.0585943
                                    42  |   -.098223   .0103156    -9.52   0.000    -.1184412   -.0780048
                                    43  |  -.0687689   .0105944    -6.49   0.000    -.0895335   -.0480043
                                    44  |  -.0735446   .0108117    -6.80   0.000    -.0947352    -.052354
                                    45  |  -.0836315   .0111242    -7.52   0.000    -.1054345   -.0618285
                                    46  |  -.0597099   .0113738    -5.25   0.000    -.0820021   -.0374177
                                    47  |  -.0636025   .0117746    -5.40   0.000    -.0866804   -.0405246
                                    48  |  -.0556046   .0121587    -4.57   0.000    -.0794353   -.0317739
                                    49  |  -.0575721   .0125267    -4.60   0.000    -.0821239   -.0330203
                                    50  |   -.075487   .0129478    -5.83   0.000    -.1008642   -.0501097
                                    51  |  -.0525811   .0135216    -3.89   0.000     -.079083   -.0260793
                                    52  |  -.0614477   .0140442    -4.38   0.000    -.0889738   -.0339215
                                    53  |  -.0165014   .0147711    -1.12   0.264    -.0454523    .0124495
                                    54  |  -.0233116   .0155175    -1.50   0.133    -.0537253    .0071021
                                    55  |   .0002146   .0163721     0.01   0.990    -.0318741    .0323033
                                    56  |   -.007394   .0173339    -0.43   0.670    -.0413678    .0265798
                                    57  |   -.017113    .018578    -0.92   0.357    -.0535252    .0192992
                                    58  |  -.0332144   .0203259    -1.63   0.102    -.0730525    .0066237
                                    59  |  -.0705565   .0226977    -3.11   0.002    -.1150433   -.0260697
                                    60  |   -.088793   .0264509    -3.36   0.001    -.1406358   -.0369503
                                    61  |  -.1068211   .0300742    -3.55   0.000    -.1657655   -.0478767
                                    62  |  -.1219022   .0365662    -3.33   0.001    -.1935708   -.0502336
                                    63  |  -.2076424   .0448735    -4.63   0.000     -.295593   -.1196918
                                    64  |  -.2105121   .0592666    -3.55   0.000    -.3266726   -.0943516
                                    65  |  -.1760099   .0730912    -2.41   0.016    -.3192662   -.0327536
                                    66  |  -.0988987   .1160608    -0.85   0.394     -.326374    .1285766
                                    67  |  -.0552965   .1804202    -0.31   0.759    -.4089141     .298321
                                    68  |  -.2881607   .0910245    -3.17   0.002    -.4665656   -.1097558
                                        |
                               race#c.z |
                                 Black  |   .0003789    .000249     1.52   0.128    -.0001091    .0008668
                       Native American  |  -.0021662   .0005968    -3.63   0.000    -.0033359   -.0009965
             Asian or Pacific Islander  |   .0000787   .0013613     0.06   0.954    -.0025894    .0027468
                                Latino  |   .0027755   .0005443     5.10   0.000     .0017087    .0038423
                      Other or Unknown  |   .0038863   .0012124     3.21   0.001       .00151    .0062626
                                        |
                          educwrths#c.z |
        HS grad only (max ed = 12 yrs)  |  -.0049427    .000391   -12.64   0.000    -.0057091   -.0041763
     Some college (max ed = 13-15 yrs)  |  -.0034921   .0004024    -8.68   0.000    -.0042808   -.0027035
College grad (max ed = 16 yrs or more)  |   .0005365   .0004261     1.26   0.208    -.0002986    .0013716
                                        |
                           postgrad#c.z |
                                     1  |   .0041014   .0003083    13.30   0.000     .0034971    .0047056
                                        |
                            censdiv#c.z |
                           New England  |   .0131566   .0011859    11.09   0.000     .0108323     .015481
                       Middle Atlantic  |   .0082004   .0011359     7.22   0.000     .0059741    .0104267
                    East North Central  |   .0067579   .0011292     5.98   0.000     .0045447    .0089711
                    West North Central  |   .0036059   .0011424     3.16   0.002     .0013669    .0058449
                        South Atlantic  |   .0082361   .0011296     7.29   0.000     .0060221    .0104502
                    East South Central  |   .0143874   .0011571    12.43   0.000     .0121195    .0166552
                    West South Central  |   .0112821   .0011446     9.86   0.000     .0090387    .0135254
                              Mountain  |   .0100846   .0011917     8.46   0.000     .0077489    .0124202
                               Pacific  |   .0125119   .0011349    11.02   0.000     .0102874    .0147363
                                        |
                               year#c.z |
                                  1971  |  -.0009253   .0007006    -1.32   0.187    -.0022984    .0004478
                                  1972  |   .0001464   .0007197     0.20   0.839    -.0012641     .001557
                                  1973  |  -.0002344   .0006809    -0.34   0.731    -.0015689    .0011001
                                  1974  |   .0001297   .0006731     0.19   0.847    -.0011895     .001449
                                  1975  |   .0008928   .0006738     1.33   0.185    -.0004278    .0022134
                                  1976  |   .0022179   .0006701     3.31   0.001     .0009045    .0035313
                                  1977  |   .0042734    .000669     6.39   0.000     .0029622    .0055845
                                  1978  |   .0054159    .000666     8.13   0.000     .0041106    .0067212
                                  1979  |   .0066288    .000667     9.94   0.000     .0053216    .0079361
                                  1980  |   .0066701   .0006824     9.77   0.000     .0053326    .0080075
                                  1981  |   .0063682    .000674     9.45   0.000     .0050473    .0076892
                                  1982  |   .0062203   .0007128     8.73   0.000     .0048233    .0076174
                                  1983  |   .0080004   .0006715    11.91   0.000     .0066842    .0093165
                                  1984  |   .0078268   .0006759    11.58   0.000      .006502    .0091516
                                  1985  |   .0098175   .0006788    14.46   0.000     .0084872    .0111479
                                  1986  |   .0104805   .0006862    15.27   0.000     .0091356    .0118253
                                  1987  |   .0134718   .0006936    19.42   0.000     .0121123    .0148312
                                  1988  |   .0146523   .0007047    20.79   0.000     .0132711    .0160334
                                  1989  |   .0158474   .0007177    22.08   0.000     .0144408    .0172539
                                  1990  |   .0163814   .0007324    22.37   0.000     .0149459     .017817
                                  1991  |   .0159623   .0007575    21.07   0.000     .0144776     .017447
                                  1992  |   .0162223   .0007811    20.77   0.000     .0146914    .0177533
                                  1993  |   .0159957   .0008095    19.76   0.000     .0144091    .0175824
                                  1994  |   .0152052   .0008413    18.07   0.000     .0135562    .0168542
                                  1995  |   .0136882   .0009008    15.20   0.000     .0119227    .0154538
                                  1997  |   .0168686    .000936    18.02   0.000     .0150341    .0187031
                                  1999  |   .0174627   .0009881    17.67   0.000      .015526    .0193994
                                  2001  |   .0200644   .0010702    18.75   0.000     .0179669    .0221619
                                  2003  |   .0248107   .0011656    21.29   0.000     .0225262    .0270952
                                  2005  |   .0321249   .0013147    24.44   0.000     .0295483    .0347016
                                  2007  |   .0397475   .0015424    25.77   0.000     .0367246    .0427705
                                  2009  |   .0397662   .0019127    20.79   0.000     .0360173    .0435151
                                  2011  |   .0405127    .002435    16.64   0.000     .0357401    .0452852
                                  2013  |   .0337484   .0032056    10.53   0.000     .0274656    .0400312
                                  2015  |   .0257441   .0050246     5.12   0.000     .0158961    .0355921
                                  2017  |   .0447265    .010502     4.26   0.000     .0241429    .0653102
                                  2019  |          0  (omitted)
                                        |
                         currentage#c.z |
                                    23  |  -.0009099   .0005902    -1.54   0.123    -.0020666    .0002468
                                    24  |  -.0031925   .0005737    -5.56   0.000    -.0043169    -.002068
                                    25  |  -.0048469   .0005688    -8.52   0.000    -.0059617   -.0037321
                                    26  |  -.0070117   .0005682   -12.34   0.000    -.0081253    -.005898
                                    27  |  -.0100453   .0005716   -17.57   0.000    -.0111656    -.008925
                                    28  |  -.0127497   .0005749   -22.18   0.000    -.0138764   -.0116229
                                    29  |  -.0136782   .0005841   -23.42   0.000     -.014823   -.0125334
                                    30  |  -.0165564   .0005913   -28.00   0.000    -.0177155   -.0153974
                                    31  |  -.0174147   .0006026   -28.90   0.000    -.0185957   -.0162337
                                    32  |  -.0192832   .0006175   -31.23   0.000    -.0204935   -.0180729
                                    33  |  -.0218985   .0006302   -34.75   0.000    -.0231336   -.0206633
                                    34  |  -.0234595   .0006473   -36.24   0.000    -.0247282   -.0221908
                                    35  |  -.0250452   .0006687   -37.46   0.000    -.0263557   -.0237346
                                    36  |  -.0282416   .0006877   -41.07   0.000    -.0295895   -.0268936
                                    37  |  -.0297495    .000711   -41.84   0.000    -.0311429    -.028356
                                    38  |  -.0321773     .00074   -43.49   0.000    -.0336276    -.030727
                                    39  |   -.034015   .0007653   -44.44   0.000     -.035515   -.0325149
                                    40  |  -.0367504    .000796   -46.17   0.000    -.0383105   -.0351902
                                    41  |  -.0398652   .0008367   -47.65   0.000    -.0415051   -.0382253
                                    42  |  -.0413389   .0008716   -47.43   0.000    -.0430473   -.0396305
                                    43  |  -.0444383   .0009245   -48.07   0.000    -.0462503   -.0426263
                                    44  |  -.0451456   .0009683   -46.62   0.000    -.0470435   -.0432477
                                    45  |  -.0483359   .0010325   -46.81   0.000    -.0503597   -.0463122
                                    46  |  -.0508225   .0010907   -46.60   0.000    -.0529602   -.0486847
                                    47  |  -.0541041   .0011848   -45.67   0.000    -.0564263    -.051782
                                    48  |  -.0581165   .0012777   -45.48   0.000    -.0606208   -.0556122
                                    49  |  -.0584968   .0013821   -42.33   0.000    -.0612056    -.055788
                                    50  |   -.061414   .0015072   -40.75   0.000    -.0643681   -.0584599
                                    51  |  -.0683451   .0016669   -41.00   0.000    -.0716122    -.065078
                                    52  |  -.0705542    .001838   -38.39   0.000    -.0741567   -.0669518
                                    53  |  -.0799104   .0020492   -39.00   0.000    -.0839267    -.075894
                                    54  |  -.0814602   .0022998   -35.42   0.000    -.0859676   -.0769527
                                    55  |  -.0949443    .002576   -36.86   0.000    -.0999932   -.0898954
                                    56  |  -.0972093   .0029248   -33.24   0.000    -.1029418   -.0914768
                                    57  |  -.1086523   .0033273   -32.65   0.000    -.1151737    -.102131
                                    58  |  -.1084091   .0039397   -27.52   0.000    -.1161307   -.1006875
                                    59  |   -.119918    .004625   -25.93   0.000    -.1289829   -.1108531
                                    60  |  -.1182922   .0059623   -19.84   0.000    -.1299781   -.1066063
                                    61  |  -.1220892   .0071295   -17.12   0.000    -.1360627   -.1081156
                                    62  |   -.115702   .0097202   -11.90   0.000    -.1347533   -.0966508
                                    63  |  -.1036765   .0125541    -8.26   0.000    -.1282821   -.0790708
                                    64  |  -.0788562   .0198865    -3.97   0.000     -.117833   -.0398793
                                    65  |  -.0980852   .0267354    -3.67   0.000    -.1504857   -.0456846
                                    66  |  -.0678228   .0573701    -1.18   0.237    -.1802662    .0446205
                                    67  |  -.1195266   .1020187    -1.17   0.241    -.3194797    .0804265
                                    68  |          0  (omitted)
                                        |
                                  _cons |   .4045965   .0180404    22.43   0.000      .369238     .439955
---------------------------------------------------------------------------------------------------------

. 
. 
. 
. log close zpoly
      name:  zpoly
       log:  /Users/ethanballou/Documents/GitHub/LifetimeEarningsRisk/OtherOutput/ThirdDraft/4_zpoly_growth.log
  log type:  text
 closed on:  10 Aug 2026, 15:11:36
--------------------------------------------------------------------------------------------------------------------------------
